// Jest Snapshot v1, https://goo.gl/fbAQLP

exports[`runQuery 1`] = `
"Query completed in TIME

Fields that took over TIME to resolve:

 * Root.foo - TIME (1 call)

Note that this is the **total** time to reolve the fields,
so you may be seeing some fields that are requested only
once, but are very slow, and some fields that are quick,
but are requested thousands of times."
`;
