// Jest Snapshot v1, https://goo.gl/fbAQLP

exports[`it can load a schema from a file 1`] = `
Object {
  "Root": Object {
    "description": undefined,
    "fields": Object {
      "todoById": Object {
        "args": Object {
          "id": Object {
            "kind": "arg",
            "type": Object {
              "kind": "NotNull",
              "type": Object {
                "kind": "NamedTypeReference",
                "value": "string",
              },
            },
          },
        },
        "description": undefined,
        "resolve": [Function],
        "type": Object {
          "kind": "NotNull",
          "type": Object {
            "kind": "NamedTypeReference",
            "value": "Todo",
          },
        },
      },
      "todos": Object {
        "args": undefined,
        "description": undefined,
        "resolve": [Function],
        "type": Object {
          "kind": "NotNull",
          "type": Object {
            "kind": "List",
            "type": Object {
              "kind": "NotNull",
              "type": Object {
                "kind": "NamedTypeReference",
                "value": "Todo",
              },
            },
          },
        },
      },
    },
    "id": [Function],
    "kind": "NodeType",
    "mutations": Object {},
    "name": "Root",
  },
  "Todo": Object {
    "description": undefined,
    "fields": Object {
      "completed": Object {
        "args": undefined,
        "description": undefined,
        "resolve": undefined,
        "type": Object {
          "kind": "NotNull",
          "type": Object {
            "kind": "NamedTypeReference",
            "value": "boolean",
          },
        },
      },
      "id": Object {
        "args": undefined,
        "description": undefined,
        "resolve": undefined,
        "type": Object {
          "kind": "NotNull",
          "type": Object {
            "kind": "NamedTypeReference",
            "value": "id",
          },
        },
      },
      "title": Object {
        "args": undefined,
        "description": undefined,
        "resolve": undefined,
        "type": Object {
          "kind": "NotNull",
          "type": Object {
            "kind": "NamedTypeReference",
            "value": "string",
          },
        },
      },
    },
    "id": [Function],
    "kind": "NodeType",
    "mutations": Object {
      "addTodo": Object {
        "args": Object {
          "completed": Object {
            "kind": "arg",
            "type": Object {
              "kind": "NotNull",
              "type": Object {
                "kind": "NamedTypeReference",
                "value": "boolean",
              },
            },
          },
          "title": Object {
            "kind": "arg",
            "type": Object {
              "kind": "NotNull",
              "type": Object {
                "kind": "NamedTypeReference",
                "value": "string",
              },
            },
          },
        },
        "description": undefined,
        "resolve": [Function],
        "type": Object {
          "kind": "NotNull",
          "type": Object {
            "kind": "ObjectScalar",
            "properties": Object {
              "id": Object {
                "kind": "NotNull",
                "type": Object {
                  "kind": "NamedTypeReference",
                  "value": "id",
                },
              },
            },
          },
        },
      },
      "clearCompleted": Object {
        "args": undefined,
        "description": undefined,
        "resolve": [Function],
        "type": undefined,
      },
      "destroy": Object {
        "args": Object {
          "id": Object {
            "kind": "arg",
            "type": Object {
              "kind": "NotNull",
              "type": Object {
                "kind": "NamedTypeReference",
                "value": "id",
              },
            },
          },
        },
        "description": undefined,
        "resolve": [Function],
        "type": undefined,
      },
      "save": Object {
        "args": Object {
          "id": Object {
            "kind": "arg",
            "type": Object {
              "kind": "NotNull",
              "type": Object {
                "kind": "NamedTypeReference",
                "value": "id",
              },
            },
          },
          "title": Object {
            "kind": "arg",
            "type": Object {
              "kind": "NotNull",
              "type": Object {
                "kind": "NamedTypeReference",
                "value": "string",
              },
            },
          },
        },
        "description": undefined,
        "resolve": [Function],
        "type": undefined,
      },
      "set": undefined,
      "toggle": Object {
        "args": Object {
          "checked": Object {
            "kind": "arg",
            "type": Object {
              "kind": "NotNull",
              "type": Object {
                "kind": "NamedTypeReference",
                "value": "boolean",
              },
            },
          },
          "id": Object {
            "kind": "arg",
            "type": Object {
              "kind": "NotNull",
              "type": Object {
                "kind": "NamedTypeReference",
                "value": "id",
              },
            },
          },
        },
        "description": undefined,
        "resolve": [Function],
        "type": undefined,
      },
      "toggleAll": Object {
        "args": Object {
          "checked": Object {
            "kind": "arg",
            "type": Object {
              "kind": "NotNull",
              "type": Object {
                "kind": "NamedTypeReference",
                "value": "boolean",
              },
            },
          },
        },
        "description": undefined,
        "resolve": [Function],
        "type": undefined,
      },
    },
    "name": "Todo",
  },
  "boolean": Object {
    "description": "Either \`true\` or \`false\`",
    "kind": "ScalarType",
    "name": "boolean",
    "parse": [Function],
    "serialize": [Function],
  },
  "id": Object {
    "description": undefined,
    "kind": "ScalarType",
    "name": "id",
    "parse": [Function],
    "serialize": [Function],
  },
  "number": Object {
    "description": "Any floating point number",
    "kind": "ScalarType",
    "name": "number",
    "parse": [Function],
    "serialize": [Function],
  },
  "string": Object {
    "description": "A string of arbitrary text",
    "kind": "ScalarType",
    "name": "string",
    "parse": [Function],
    "serialize": [Function],
  },
}
`;
